// Jest Snapshot v1, https://goo.gl/fbAQLP

exports[`NotFoundPage Component renders the NotFoundPage component 1`] = `
<section
  className="not-found-page"
>
  <h2>
    404 - Page not found
  </h2>
  <p>
    Try going back to your previous page.
  </p>
</section>
`;
