// Jest Snapshot v1, https://goo.gl/fbAQLP

exports[`SpotifyOAuth Component renders the SpotifyOAuth component 1`] = `
<div
  className="container"
>
  <button
    className="spotify-login"
  >
    <a
      href="http://localhost:8888"
    >
      Sign In To Spotify
    </a>
  </button>
</div>
`;
